1. gen ssh-key
http://blog.csdn.net/alexander_phper/article/details/52871191
(1)
MJH@DESKTOP-4T5KT7O MINGW32 ~/.ssh
$ ssh-keygen -t rsa -C "mjh@691225916@qq.com"
Generating public/private rsa key pair.
Enter file in which to save the key (/c/Users/MJH/.ssh/id_rsa): f103
Enter passphrase (empty for no passphrase):
Enter same passphrase again:
Your identification has been saved in f103.
Your public key has been saved in f103.pub.
The key fingerprint is:
SHA256:Gy7G2IOSV+0bVNE/NSzq0SbjgJcM/ZmctoGVQYWXN88 mjh@691225916@qq.com
The key's randomart image is:
+---[RSA 2048]----+
|        . o+=.o  |
|       . . =.+ =.|
|        + B B.oo+|
|       o B & oo E|
|      . S = B  . |
|   . * + o +     |
|  o + * =        |
|   o . o o       |
|        .        |
+----[SHA256]-----+

(2)
MJH@DESKTOP-4T5KT7O MINGW32 ~/.ssh
$ ls
f103  f103.pub

MJH@DESKTOP-4T5KT7O MINGW32 ~/.ssh
$ eval `ssh-agent -s`
Agent pid 14540

MJH@DESKTOP-4T5KT7O MINGW32 ~/.ssh
$ ssh-add -l
The agent has no identities.

MJH@DESKTOP-4T5KT7O MINGW32 ~/.ssh
$ ssh-add ~/.ssh/f103
Enter passphrase for /c/Users/MJH/.ssh/f103:
Identity added: /c/Users/MJH/.ssh/f103 (/c/Users/MJH/.ssh/f103)

add key to github

(3)
MJH@DESKTOP-4T5KT7O MINGW32 ~/.ssh
$ ssh -T git@github.com
The authenticity of host 'github.com (192.30.255.112)' can't be established.
RSA key fingerprint is SHA256:nThbg6kXUpJWGl7E1IGOCspRomTxdCARLviKw6E5SY8.
Are you sure you want to continue connecting (yes/no)? yes
Warning: Permanently added 'github.com,192.30.255.112' (RSA) to the list of known hosts.
Permission denied (publickey).

MJH@DESKTOP-4T5KT7O MINGW32 ~/.ssh
$ clip < ~/.ssh/f103.pub

(4)
MJH@DESKTOP-4T5KT7O MINGW32 ~/.ssh
$ ssh -T git@github.com
Hi mengjiahao! You've successfully authenticated, but GitHub does not provide shell access.

MJH@DESKTOP-4T5KT7O MINGW32 ~/.ssh
$ touch config

add to config:
# Github
Host github.com
User mjh
Hostname github.com
PreferredAuthentications publickey
IdentityFile /c/Users/MJH/.ssh/f103

(5)
MJH@DESKTOP-4T5KT7O MINGW32 ~/.ssh
$ ssh -T git@github.com
Warning: Permanently added the RSA host key for IP address '192.30.255.113' to the list of known hosts.
Hi mengjiahao! You've successfully authenticated, but GitHub does not provide shell access.

MJH@DESKTOP-4T5KT7O MINGW32 /k/doc
$git clone git@github.com:mengjiahao/memo.git
Cloning into 'memo'...
remote: Counting objects: 9, done.
remote: Compressing objects: 100% (6/6), done.
remote: Total 9 (delta 0), reused 9 (delta 0), pack-reused 0
Receiving objects: 100% (9/9), done.
Checking connectivity... done.

MJH@DESKTOP-4T5KT7O MINGW32 /k/doc/memo (master)
$ git commit -m "add git_config.txt"

*** Please tell me who you are.

Run

  git config --global user.email "you@example.com"
  git config --global user.name "Your Name"

to set your account's default identity.
Omit --global to set the identity only in this repository.

MJH@DESKTOP-4T5KT7O MINGW32 /k/doc/memo (master)
$ git commit -m "add git_config.txt"
[master 8e9a960] add git_config.txt
 1 file changed, 87 insertions(+)
 create mode 100644 git_conf.txt

MJH@DESKTOP-4T5KT7O MINGW32 /k/doc/memo (master)
$ git push origin master
Counting objects: 3, done.
Delta compression using up to 4 threads.
Compressing objects: 100% (3/3), done.
Writing objects: 100% (3/3), 1.38 KiB | 0 bytes/s, done.
Total 3 (delta 0), reused 0 (delta 0)
To git@github.com:mengjiahao/memo.git
   6177955..8e9a960  master -> master

(6)
Note: git@github.com:mengjiahao/rpc.git is deleted. Change it!
if we delete remote orgin/branch, then:
mjh@mjh-Vostro-260:~/Documents/code/rpc$ git branch -avv
* master                e189b34 [origin/master] rm sunrpc/rpcsvc/*
  remotes/origin/HEAD   -> origin/master
  remotes/origin/master e189b34 rm sunrpc/rpcsvc/*

mjh@mjh-Vostro-260:~/Documents/code/rpc$ git remote show origin
ERROR: Repository not found.
fatal: Could not read from remote repository.
Please make sure you have the correct access rights
and the repository exists.

mjh@mjh-Vostro-260:~/Documents/code/rpc$ git fetch
ERROR: Repository not found.
fatal: Could not read from remote repository.
Please make sure you have the correct access rights
and the repository exists.

mjh@mjh-Vostro-260:~/Documents/code/rpc/.git/refs/remotes/origin$ cat master 
e189b34b380b17c78a6a871a5c20c52bfa500e64
mjh@mjh-Vostro-260:~/Documents/code/rpc/.git/refs/remotes/origin$ git config list
error: key does not contain a section: list
mjh@mjh-Vostro-260:~/Documents/code/rpc/.git/refs/remotes/origin$ git config --list
user.name=mengjiahao
user.email=691225916@qq.com
push.default=simple
core.repositoryformatversion=0
core.filemode=true
core.bare=false
core.logallrefupdates=true
remote.origin.url=git@github.com:mengjiahao/rpc.git
remote.origin.fetch=+refs/heads/*:refs/remotes/origin/*
branch.master.remote=origin
branch.master.merge=refs/heads/master

mjh@mjh-Vostro-260:~/Documents/code/rpc/.git/refs/remotes/origin$ git remote prune origin 
ERROR: Repository not found.
fatal: Could not read from remote repository.
Please make sure you have the correct access rights
and the repository exists.

mjh@mjh-Vostro-260:~/Documents/code/rpc$ git remote add origin git@github.com:mengjiahao/test.git
fatal: remote origin already exists.

mjh@mjh-Vostro-260:~/Documents/code/rpc$ git remote rm origin
mjh@mjh-Vostro-260:~/Documents/code/rpc$ 

mjh@mjh-Vostro-260:~/Documents/code/rpc$ git remote show 
mjh@mjh-Vostro-260:~/Documents/code/rpc$ git remote show origin
fatal: 'origin' does not appear to be a git repository
fatal: Could not read from remote repository.
Please make sure you have the correct access rights
and the repository exists.
mjh@mjh-Vostro-260:~/Documents/code/rpc$ git config --list
user.name=mengjiahao
user.email=691225916@qq.com
push.default=simple
core.repositoryformatversion=0
core.filemode=true
core.bare=false
core.logallrefupdates=true

mjh@mjh-Vostro-260:~/Documents/code/rpc/.git/refs/remotes/origin$ ls
mjh@mjh-Vostro-260:~/Documents/code/rpc/.git/refs/remotes/origin$ cd ..
mjh@mjh-Vostro-260:~/Documents/code/rpc/.git/refs/heads$ ls
master
mjh@mjh-Vostro-260:~/Documents/code/rpc/.git/refs/heads$ cat master 
e189b34b380b17c78a6a871a5c20c52bfa500e64

mjh@mjh-Vostro-260:~/Documents/code/test/testgit$ git remote add origin git@github.com:mengjiahao/test.git
mjh@mjh-Vostro-260:~/Documents/code/test/testgit$ git config --list
user.name=mengjiahao
user.email=691225916@qq.com
push.default=simple
core.repositoryformatversion=0
core.filemode=true
core.bare=false
core.logallrefupdates=true
remote.origin.url=git@github.com:mengjiahao/test.git
remote.origin.fetch=+refs/heads/*:refs/remotes/origin/*
mjh@mjh-Vostro-260:~/Documents/code/test/testgit$ git push -u origin master 
Counting objects: 176, done.
Delta compression using up to 4 threads.
Compressing objects: 100% (173/173), done.
Writing objects: 100% (176/176), 261.25 KiB | 0 bytes/s, done.
Total 176 (delta 56), reused 4 (delta 0)
remote: Resolving deltas: 100% (56/56), done.
To git@github.com:mengjiahao/test.git
 * [new branch]      master -> master
Branch master set up to track remote branch master from origin.

mjh@mjh-Vostro-260:~/Documents/code/test/testgit$ git config --list
user.name=mengjiahao
user.email=691225916@qq.com
push.default=simple
core.repositoryformatversion=0
core.filemode=true
core.bare=false
core.logallrefupdates=true
remote.origin.url=git@github.com:mengjiahao/test.git
remote.origin.fetch=+refs/heads/*:refs/remotes/origin/*
branch.master.remote=origin
branch.master.merge=refs/heads/master
mjh@mjh-Vostro-260:~/Documents/code/test/testgit$ git fetch
mjh@mjh-Vostro-260:~/Documents/code/test/testgit$ git rebase
Cannot rebase: You have unstaged changes.
Please commit or stash them.
mjh@mjh-Vostro-260:~/Documents/code/test/testgit$ git branch -avv
* master                e189b34 [origin/master] rm sunrpc/rpcsvc/*
  remotes/origin/master e189b34 rm sunrpc/rpcsvc/*

(7)
mjh@mjh-Vostro-260:~/Documents/code/test/testgit$ git reset --hard e189b34b3
HEAD is now at e189b34 rm sunrpc/rpcsvc/*
mjh@mjh-Vostro-260:~/Documents/code/test/testgit$ git status
On branch master
Your branch is up-to-date with 'origin/master'.
nothing to commit, working directory clean

mjh@mjh-Vostro-260:~/Documents/code/test/testgit$ git status
On branch master
Your branch is up-to-date with 'origin/master'.
Changes to be committed:
  (use "git reset HEAD <file>..." to unstage)

	modified:   README.md
	renamed:    rpcgen/proto.h -> rpcgen/gen/proto.h
	renamed:    rpcgen/proto_clnt.c -> rpcgen/gen/proto_clnt.c
	renamed:    rpcgen/proto_svc.c -> rpcgen/gen/proto_svc.c
	renamed:    rpcgen/proto_xdr.c -> rpcgen/gen/proto_xdr.c

mjh@mjh-Vostro-260:~/Documents/code/test/testgit$ git commit -m "add test"
[master 96e5e1d] add test
 5 files changed, 2 insertions(+), 2 deletions(-)
 rename rpcgen/{ => gen}/proto.h (100%)
 rename rpcgen/{ => gen}/proto_clnt.c (100%)
 rename rpcgen/{ => gen}/proto_svc.c (100%)
 rename rpcgen/{ => gen}/proto_xdr.c (100%)
mjh@mjh-Vostro-260:~/Documents/code/test/testgit$ git commit --amend 
[master d89fcf9] init test
 5 files changed, 2 insertions(+), 2 deletions(-)
 rename rpcgen/{ => gen}/proto.h (100%)
 rename rpcgen/{ => gen}/proto_clnt.c (100%)
 rename rpcgen/{ => gen}/proto_svc.c (100%)
 rename rpcgen/{ => gen}/proto_xdr.c (100%)
mjh@mjh-Vostro-260:~/Documents/code/test/testgit$ git status
On branch master
Your branch is ahead of 'origin/master' by 1 commit.
  (use "git push" to publish your local commits)
nothing to commit, working directory clean

mjh@mjh-Vostro-260:~/Documents/code/test/testgit$ git rebase
Current branch master is up to date.
mjh@mjh-Vostro-260:~/Documents/code/test/testgit$ gitk
mjh@mjh-Vostro-260:~/Documents/code/test/testgit$ git push origin master 
Counting objects: 8, done.
Delta compression using up to 4 threads.
Compressing objects: 100% (4/4), done.
Writing objects: 100% (5/5), 440 bytes | 0 bytes/s, done.
Total 5 (delta 2), reused 0 (delta 0)
remote: Resolving deltas: 100% (2/2), completed with 1 local object.
To git@github.com:mengjiahao/test.git
   e189b34..d89fcf9  master -> master
mjh@mjh-Vostro-260:~/Documents/code/test/testgit$ git branch -avv
* master                d89fcf9 [origin/master] init test
  remotes/origin/master d89fcf9 init test

(8) Fork existing folder or Git repository
mjh@mjh-Vostro-260:~/Documents/code/gitlab-u5420$ git config --global --list
user.name=mengjiahao
user.email=691225916@qq.com
push.default=simple
mjh@mjh-Vostro-260:~/Documents/code/gitlab-u5420$ cat ~/.ssh/id_rsa.pub
ssh-rsa AAAAB3NzaC1yc2EAAAADAQABAAABAQCkvha4ITr0wbIWZ98ttz3oW3VUoAc9QShNyw6NlzhBwC+zsnWlKMqDzyZ8bCmmy6hfY/dYZS/Oi16bVtPgiQU8GJHCwkU220jksFNJ0JJEvtYqQNhyelkNdoYXw9yIJA7ACoXQrfqtsFqYswM0b73+MYzNDEe6z8bRFHjnpfi4mj5NPcgiziV+/u53C1VTNRPwxPchcymv5t6Hst8L2vCKKqZ541aL6Ii/i1t6J0sxO0GMhYYPsELJ1yccazyAouK7Ok9c4xzBipWBmRK25uhZswDiYLwbCLk8tV+RCFu52LqfKONfWqVk58FnA1eypKiCG3flG5FnOVnJx7Rx9tbT 691225916@qq.com
mjh@mjh-Vostro-260:~/Documents/code/gitlab-u5420$ cd ..
mjh@mjh-Vostro-260:~/Documents/code$ git clone git@code.aliyun.com:middlewarerace2017/open-messaging-demo.git
Cloning into 'open-messaging-demo'...
The authenticity of host 'code.aliyun.com (120.55.150.20)' can't be established.
RSA key fingerprint is 69:ab:cb:07:eb:a3:e1:f3:0b:2e:f4:23:b0:c1:c6:9a.
Are you sure you want to continue connecting (yes/no)? yes
Warning: Permanently added 'code.aliyun.com,120.55.150.20' (RSA) to the list of known hosts.
remote: Counting objects: 193, done.
remote: Compressing objects: 100% (157/157), done.
remote: Total 193 (delta 91), reused 16 (delta 3)
Receiving objects: 100% (193/193), 48.41 KiB | 0 bytes/s, done.
Resolving deltas: 100% (91/91), done.
Checking connectivity... done.
mjh@mjh-Vostro-260:~/Documents/code/open-messaging-demo$ git init
Reinitialized existing Git repository in /home/mjh/Documents/code/open-messaging-demo/.git/
mjh@mjh-Vostro-260:~/Documents/code/open-messaging-demo$ git config --global --list
user.name=mengjiahao
user.email=691225916@qq.com
push.default=simple
mjh@mjh-Vostro-260:~/Documents/code/open-messaging-demo$ git remote add origin git@code.aliyun.com:691225916/open-messaging-demo.git
fatal: remote origin already exists.
mjh@mjh-Vostro-260:~/Documents/code/open-messaging-demo$ git branch -avv
* master                5a6a88b [origin/master] Add flush
  remotes/origin/HEAD   -> origin/master
  remotes/origin/master 5a6a88b Add flush
 mjh@mjh-Vostro-260:~/Documents/code/open-messaging-demo$ ls
pom.xml  README.md  src
mjh@mjh-Vostro-260:~/Documents/code/open-messaging-demo$ 
mjh@mjh-Vostro-260:~/Documents/code/open-messaging-demo$ git status
On branch master
Your branch is up-to-date with 'origin/master'.

Changes not staged for commit:
  (use "git add <file>..." to update what will be committed)
  (use "git checkout -- <file>..." to discard changes in working directory)

	modified:   README.md

no changes added to commit (use "git add" and/or "git commit -a")
mjh@mjh-Vostro-260:~/Documents/code/open-messaging-demo$ git add *
mjh@mjh-Vostro-260:~/Documents/code/open-messaging-demo$ git remote add origin git@code.aliyun.com:691225916/open-messaging-demo.git
fatal: remote origin already exists.
mjh@mjh-Vostro-260:~/Documents/code/open-messaging-demo$ git commit -m "fix README.md"
[master 5dd4726] fix README.md
 1 file changed, 1 insertion(+), 1 deletion(-)
mjh@mjh-Vostro-260:~/Documents/code/open-messaging-demo$ git push origin master  
Counting objects: 7, done.
Delta compression using up to 4 threads.
Compressing objects: 100% (3/3), done.
Writing objects: 100% (3/3), 311 bytes | 0 bytes/s, done.
Total 3 (delta 2), reused 0 (delta 0)
remote: GitLab: You are not allowed to push code to protected branches on this project.
To git@code.aliyun.com:middlewarerace2017/open-messaging-demo.git
 ! [remote rejected] master -> master (pre-receive hook declined)
error: failed to push some refs to 'git@code.aliyun.com:middlewarerace2017/open-messaging-demo.git'
mjh@mjh-Vostro-260:~/Documents/code/open-messaging-demo$ git remote
origin
mjh@mjh-Vostro-260:~/Documents/code/open-messaging-demo$ git remote -v
origin	git@code.aliyun.com:middlewarerace2017/open-messaging-demo.git (fetch)
origin	git@code.aliyun.com:middlewarerace2017/open-messaging-demo.git (push)
mjh@mjh-Vostro-260:~/Documents/code/open-messaging-demo$ git remote rm origin
mjh@mjh-Vostro-260:~/Documents/code/open-messaging-demo$ git remote -v
mjh@mjh-Vostro-260:~/Documents/code/open-messaging-demo$ ls
pom.xml  README.md  src
mjh@mjh-Vostro-260:~/Documents/code/open-messaging-demo$ git remote add origin git@code.aliyun.com:691225916/open-messaging-demo.git
mjh@mjh-Vostro-260:~/Documents/code/open-messaging-demo$ git remote -v
origin	git@code.aliyun.com:691225916/open-messaging-demo.git (fetch)
origin	git@code.aliyun.com:691225916/open-messaging-demo.git (push)
mjh@mjh-Vostro-260:~/Documents/code/open-messaging-demo$ git status
On branch master
nothing to commit, working directory clean
mjh@mjh-Vostro-260:~/Documents/code/open-messaging-demo$ ls
pom.xml  README.md  src
mjh@mjh-Vostro-260:~/Documents/code/open-messaging-demo$ vim README.md 
mjh@mjh-Vostro-260:~/Documents/code/open-messaging-demo$ 
mjh@mjh-Vostro-260:~/Documents/code/open-messaging-demo$ git push origin master
Counting objects: 196, done.
Delta compression using up to 4 threads.
Compressing objects: 100% (72/72), done.
Writing objects: 100% (196/196), 48.65 KiB | 0 bytes/s, done.
Total 196 (delta 93), reused 191 (delta 91)
remote: Resolving deltas: 100% (93/93), done.
To git@code.aliyun.com:691225916/open-messaging-demo.git
 * [new branch]      master -> master
mjh@mjh-Vostro-260:~/Documents/code/open-messaging-demo$ git branch -avv
* master                5dd4726 fix README.md
  remotes/origin/master 5dd4726 fix README.md
mjh@mjh-Vostro-260:~/Documents/code/open-messaging-demo$ git config --list
user.name=mengjiahao
user.email=691225916@qq.com
push.default=simple
core.repositoryformatversion=0
core.filemode=true
core.bare=false
core.logallrefupdates=true
remote.origin.url=git@code.aliyun.com:691225916/open-messaging-demo.git
remote.origin.fetch=+refs/heads/*:refs/remotes/origin/*
mjh@mjh-Vostro-260:~/Documents/code/open-messaging-demo$ vim README.md 
mjh@mjh-Vostro-260:~/Documents/code/open-messaging-demo$ 
mjh@mjh-Vostro-260:~/Documents/code/open-messaging-demo$ 
mjh@mjh-Vostro-260:~/Documents/code/open-messaging-demo$ git status
On branch master
Changes not staged for commit:
  (use "git add <file>..." to update what will be committed)
  (use "git checkout -- <file>..." to discard changes in working directory)

	modified:   README.md

no changes added to commit (use "git add" and/or "git commit -a")
mjh@mjh-Vostro-260:~/Documents/code/open-messaging-demo$ git add *
mjh@mjh-Vostro-260:~/Documents/code/open-messaging-demo$ git commit -m "add test"
[master 996355a] add test
 1 file changed, 1 insertion(+)
mjh@mjh-Vostro-260:~/Documents/code/open-messaging-demo$ git push origin master  
Counting objects: 5, done.
Delta compression using up to 4 threads.
Compressing objects: 100% (3/3), done.
Writing objects: 100% (3/3), 290 bytes | 0 bytes/s, done.
Total 3 (delta 2), reused 0 (delta 0)
To git@code.aliyun.com:691225916/open-messaging-demo.git
   5dd4726..996355a  master -> master
mjh@mjh-Vostro-260:~/Documents/code/open-messaging-demo$ 
mjh@mjh-Vostro-260:~/Documents/code/open-messaging-demo$ git branch -avv
* master                996355a add test
  remotes/origin/master 996355a add test
mjh@mjh-Vostro-260:~/Documents/code/open-messaging-demo$ 
mjh@mjh-Vostro-260:~/Documents/code/open-messaging-demo$ git branch -avv
* master                996355a add test
  remotes/origin/master 996355a add test
mjh@mjh-Vostro-260:~/Documents/code/open-messaging-demo$ git fetch
mjh@mjh-Vostro-260:~/Documents/code/open-messaging-demo$ git branch --set-upstream master origin/master 
The --set-upstream flag is deprecated and will be removed. Consider using --track or --set-upstream-to
Branch master set up to track remote branch master from origin.
mjh@mjh-Vostro-260:~/Documents/code/open-messaging-demo$ git branch --set-upstream-to origin/master master  
Branch master set up to track remote branch master from origin.
mjh@mjh-Vostro-260:~/Documents/code/open-messaging-demo$ git branch -avv
* master                996355a [origin/master] add test
  remotes/origin/master 996355a add test
mjh@mjh-Vostro-260:~/Documents/code/open-messaging-demo$ 
mjh@mjh-Vostro-260:~/Documents/code/open-messaging-demo$ vim README.md 
mjh@mjh-Vostro-260:~/Documents/code/open-messaging-demo$ git status
On branch master
Your branch is up-to-date with 'origin/master'.

Changes not staged for commit:
  (use "git add <file>..." to update what will be committed)
  (use "git checkout -- <file>..." to discard changes in working directory)

	modified:   README.md

no changes added to commit (use "git add" and/or "git commit -a")
mjh@mjh-Vostro-260:~/Documents/code/open-messaging-demo$ git add *
mjh@mjh-Vostro-260:~/Documents/code/open-messaging-demo$ git commit -m "delete test comment in README.md"
[master 1bf5ab9] delete test comment in README.md
 1 file changed, 1 deletion(-)
mjh@mjh-Vostro-260:~/Documents/code/open-messaging-demo$ git push origin master Counting objects: 5, done.
Delta compression using up to 4 threads.
Compressing objects: 100% (3/3), done.
Writing objects: 100% (3/3), 300 bytes | 0 bytes/s, done.
Total 3 (delta 2), reused 0 (delta 0)
To git@code.aliyun.com:691225916/open-messaging-demo.git
   996355a..1bf5ab9  master -> master
mjh@mjh-Vostro-260:~/Documents/code/open-messaging-demo$ git branch -avv
* master                1bf5ab9 [origin/master] delete test comment in README.md
  remotes/origin/master 1bf5ab9 delete test comment in README.md
mjh@mjh-Vostro-260:~/Documents/code/open-messaging-demo$ 
mjh@mjh-Vostro-260:~/Documents/code/open-messaging-demo$ git checkout -b test
Switched to a new branch 'test'
mjh@mjh-Vostro-260:~/Documents/code/open-messaging-demo$ git branch -avv
  master                1bf5ab9 [origin/master] delete test comment in README.md
* test                  1bf5ab9 delete test comment in README.md
  remotes/origin/master 1bf5ab9 delete test comment in README.md
mjh@mjh-Vostro-260:~/Documents/code/open-messaging-demo$ git push origin test 
Total 0 (delta 0), reused 0 (delta 0)
To git@code.aliyun.com:691225916/open-messaging-demo.git
 * [new branch]      test -> test
mjh@mjh-Vostro-260:~/Documents/code/open-messaging-demo$ git pull origin test 
From code.aliyun.com:691225916/open-messaging-demo
 * branch            test       -> FETCH_HEAD
Already up-to-date.
mjh@mjh-Vostro-260:~/Documents/code/open-messaging-demo$ git branch --set-upstream-to=origin/test 
Branch test set up to track remote branch test from origin.
mjh@mjh-Vostro-260:~/Documents/code/open-messaging-demo$ git branch -avv
  master                1bf5ab9 [origin/master] delete test comment in README.md
* test                  1bf5ab9 [origin/test] delete test comment in README.md
  remotes/origin/master 1bf5ab9 delete test comment in README.md
  remotes/origin/test   1bf5ab9 delete test comment in README.md
mjh@mjh-Vostro-260:~/Documents/code/open-messaging-demo$ git config --list
user.name=mengjiahao
user.email=691225916@qq.com
push.default=simple
core.repositoryformatversion=0
core.filemode=true
core.bare=false
core.logallrefupdates=true
remote.origin.url=git@code.aliyun.com:691225916/open-messaging-demo.git
remote.origin.fetch=+refs/heads/*:refs/remotes/origin/*
branch.master.remote=origin
branch.master.merge=refs/heads/master
branch.test.remote=origin
branch.test.merge=refs/heads/test
mjh@mjh-Vostro-260:~/Documents/code/open-messaging-demo$ 
mjh@mjh-Vostro-260:~/Documents/code/open-messaging-demo$ vim README.md 
mjh@mjh-Vostro-260:~/Documents/code/open-messaging-demo$ git status
On branch test
Your branch is up-to-date with 'origin/test'.

Changes not staged for commit:
  (use "git add <file>..." to update what will be committed)
  (use "git checkout -- <file>..." to discard changes in working directory)

	modified:   README.md

no changes added to commit (use "git add" and/or "git commit -a")
mjh@mjh-Vostro-260:~/Documents/code/open-messaging-demo$ git add *
mjh@mjh-Vostro-260:~/Documents/code/open-messaging-demo$ git commit -m "add test branch"
[test 7e94e32] add test branch
 1 file changed, 2 insertions(+), 1 deletion(-)
mjh@mjh-Vostro-260:~/Documents/code/open-messaging-demo$ git push
Counting objects: 5, done.
Delta compression using up to 4 threads.
Compressing objects: 100% (3/3), done.
Writing objects: 100% (3/3), 302 bytes | 0 bytes/s, done.
Total 3 (delta 2), reused 0 (delta 0)
To git@code.aliyun.com:691225916/open-messaging-demo.git
   1bf5ab9..7e94e32  test -> test
mjh@mjh-Vostro-260:~/Documents/code/open-messaging-demo$ git branch -avv
  master                1bf5ab9 [origin/master] delete test comment in README.md
* test                  7e94e32 [origin/test] add test branch
  remotes/origin/master 1bf5ab9 delete test comment in README.md
  remotes/origin/test   7e94e32 add test branch
mjh@mjh-Vostro-260:~/Documents/code/open-messaging-demo$ 
mjh@mjh-Vostro-260:~/Documents/code/open-messaging-demo$ git checkout master 
Switched to branch 'master'
Your branch is up-to-date with 'origin/master'.
mjh@mjh-Vostro-260:~/Documents/code/open-messaging-demo$ git merge test 
Updating 1bf5ab9..7e94e32
Fast-forward
 README.md | 3 ++-
 1 file changed, 2 insertions(+), 1 deletion(-)
mjh@mjh-Vostro-260:~/Documents/code/open-messaging-demo$ git branch -avv
* master                7e94e32 [origin/master: ahead 1] add test branch
  test                  7e94e32 [origin/test] add test branch
  remotes/origin/master 1bf5ab9 delete test comment in README.md
  remotes/origin/test   7e94e32 add test branch
mjh@mjh-Vostro-260:~/Documents/code/open-messaging-demo$ git status
On branch master
Your branch is ahead of 'origin/master' by 1 commit.
  (use "git push" to publish your local commits)

nothing to commit, working directory clean
mjh@mjh-Vostro-260:~/Documents/code/open-messaging-demo$ git push
Total 0 (delta 0), reused 0 (delta 0)
To git@code.aliyun.com:691225916/open-messaging-demo.git
   1bf5ab9..7e94e32  master -> master
mjh@mjh-Vostro-260:~/Documents/code/open-messaging-demo$ git branch -avv
* master                7e94e32 [origin/master] add test branch
  test                  7e94e32 [origin/test] add test branch
  remotes/origin/master 7e94e32 add test branch
  remotes/origin/test   7e94e32 add test branch

(9)
mjh@mjh-Inspiron-5520:~/Documents/code/memo$ git status
On branch master
Your branch is up-to-date with 'origin/master'.

Changes not staged for commit:
  (use "git add <file>..." to update what will be committed)
  (use "git checkout -- <file>..." to discard changes in working directory)

	modified:   test/rabbitmq/config.json

no changes added to commit (use "git add" and/or "git commit -a")
mjh@mjh-Inspiron-5520:~/Documents/code/memo$ git fetch
remote: Counting objects: 6, done.
remote: Compressing objects: 100% (2/2), done.
remote: Total 6 (delta 2), reused 4 (delta 2), pack-reused 2
Unpacking objects: 100% (6/6), done.
From github.com:mengjiahao/memo
   b53262a..d24bc86  master     -> origin/master
mjh@mjh-Inspiron-5520:~/Documents/code/memo$ git rebase
Cannot rebase: You have unstaged changes.
Please commit or stash them.
mjh@mjh-Inspiron-5520:~/Documents/code/memo$ git status
On branch master
Your branch is behind 'origin/master' by 2 commits, and can be fast-forwarded.
  (use "git pull" to update your local branch)

Changes not staged for commit:
  (use "git add <file>..." to update what will be committed)
  (use "git checkout -- <file>..." to discard changes in working directory)

	modified:   test/rabbitmq/config.json

no changes added to commit (use "git add" and/or "git commit -a")
mjh@mjh-Inspiron-5520:~/Documents/code/memo$ git add *
mjh@mjh-Inspiron-5520:~/Documents/code/memo$ git commit -m "fix json config"
[master d5432de] fix json config
 1 file changed, 1 insertion(+), 1 deletion(-)
mjh@mjh-Inspiron-5520:~/Documents/code/memo$ git rebase
First, rewinding head to replay your work on top of it...
Applying: fix json config
mjh@mjh-Inspiron-5520:~/Documents/code/memo$ gitk
mjh@mjh-Inspiron-5520:~/Documents/code/memo$ git status
On branch master
Your branch is ahead of 'origin/master' by 1 commit.
  (use "git push" to publish your local commits)

nothing to commit, working directory clean
mjh@mjh-Inspiron-5520:~/Documents/code/memo$ git push
Counting objects: 9, done.
Delta compression using up to 4 threads.
Compressing objects: 100% (4/4), done.
Writing objects: 100% (5/5), 496 bytes | 0 bytes/s, done.
Total 5 (delta 2), reused 0 (delta 0)
remote: Resolving deltas: 100% (2/2), completed with 2 local objects.
To git@github.com:mengjiahao/memo.git
   d24bc86..7d43ecd  master -> master
mjh@mjh-Inspiron-5520:~/Documents/code/memo$ 

(10)
mjh@mjh-Inspiron-5520:~/Documents/code/open-messaging-demo$ git branch
* master
mjh@mjh-Inspiron-5520:~/Documents/code/open-messaging-demo$ git branch -avv
* master                734abac [origin/master] Merge branch 'test' into 'master'
  remotes/origin/HEAD   -> origin/master
  remotes/origin/master 734abac Merge branch 'test' into 'master'
  remotes/origin/test   6f3ca08 fix README.md
mjh@mjh-Inspiron-5520:~/Documents/code/open-messaging-demo$ git checkout -b test origin/test 
Branch test set up to track remote branch test from origin.
Switched to a new branch 'test'
mjh@mjh-Inspiron-5520:~/Documents/code/open-messaging-demo$ git branch -avv
  master                734abac [origin/master] Merge branch 'test' into 'master'
* test                  6f3ca08 [origin/test] fix README.md
  remotes/origin/HEAD   -> origin/master
  remotes/origin/master 734abac Merge branch 'test' into 'master'
  remotes/origin/test   6f3ca08 fix README.md
mjh@mjh-Inspiron-5520:~/Documents/code/open-messaging-demo$ gitk
mjh@mjh-Inspiron-5520:~/Documents/code/open-messaging-demo$ git log
commit 6f3ca08ae782af1c57245a6dbb4114e6b503167c
Author: Jingjun <271678682li@gmail.com>
Date:   Fri May 19 05:38:13 2017 -0400

    fix README.md

commit c54b2e5d79697324cb248ab67d4cccb98fe31a51
Author: jwma <mail@qq.com>
Date:   Fri May 19 17:33:03 2017 +0800

    test2

commit 7e94e32004dac1053129a9858503ecdddf2fc9a1
Author: mengjiahao <691225916@qq.com>
Date:   Fri May 19 17:21:45 2017 +0800

    add test branch

commit 1bf5ab9fa7c676e659fbc8680247cc47d6334c70
Author: mengjiahao <691225916@qq.com>
Date:   Fri May 19 16:49:48 2017 +0800

    delete test comment in README.md
mjh@mjh-Inspiron-5520:~/Documents/code/open-messaging-demo$ git checkout master Switched to branch 'master'
Your branch is up-to-date with 'origin/master'.
mjh@mjh-Inspiron-5520:~/Documents/code/open-messaging-demo$ git log
commit 734abacdd86be1105aef46488b6afd23c088aec0
Merge: 7e94e32 6f3ca08
Author: 691225916 <691225916@qq.com>
Date:   Fri May 19 18:40:27 2017 +0800

    Merge branch 'test' into 'master'
    
    merge 2 Test
    
    See merge request !1

commit 6f3ca08ae782af1c57245a6dbb4114e6b503167c
Author: Jingjun <271678682li@gmail.com>
Date:   Fri May 19 05:38:13 2017 -0400

    fix README.md

commit c54b2e5d79697324cb248ab67d4cccb98fe31a51
Author: jwma <mail@qq.com>
Date:   Fri May 19 17:33:03 2017 +0800

mjh@mjh-Inspiron-5520:~/Documents/code/open-messaging-demo$ gitk
mjh@mjh-Inspiron-5520:~/Documents/code/open-messaging-demo$ git merge master 
Already up-to-date.
mjh@mjh-Inspiron-5520:~/Documents/code/open-messaging-demo$ gitk
mjh@mjh-Inspiron-5520:~/Documents/code/open-messaging-demo$ git checkout test 
Switched to branch 'test'
Your branch is up-to-date with 'origin/test'.
mjh@mjh-Inspiron-5520:~/Documents/code/open-messaging-demo$ git merge
fatal: No commit specified and merge.defaultToUpstream not set.
mjh@mjh-Inspiron-5520:~/Documents/code/open-messaging-demo$ git merge master 
Updating 6f3ca08..734abac
Fast-forward
mjh@mjh-Inspiron-5520:~/Documents/code/open-messaging-demo$ gitk
mjh@mjh-Inspiron-5520:~/Documents/code/open-messaging-demo$ git status
On branch test
Your branch is ahead of 'origin/test' by 1 commit.
  (use "git push" to publish your local commits)

nothing to commit, working directory clean
mjh@mjh-Inspiron-5520:~/Documents/code/open-messaging-demo$ git push
Total 0 (delta 0), reused 0 (delta 0)
To git@code.aliyun.com:691225916/open-messaging-demo.git
   6f3ca08..734abac  test -> test
mjh@mjh-Inspiron-5520:~/Documents/code/open-messaging-demo$ git log
commit 734abacdd86be1105aef46488b6afd23c088aec0
Merge: 7e94e32 6f3ca08
Author: 691225916 <691225916@qq.com>
Date:   Fri May 19 18:40:27 2017 +0800

    Merge branch 'test' into 'master'
    
    merge 2 Test
    
    See merge request !1

commit 6f3ca08ae782af1c57245a6dbb4114e6b503167c
Author: Jingjun <271678682li@gmail.com>
Date:   Fri May 19 05:38:13 2017 -0400

    fix README.md

commit c54b2e5d79697324cb248ab67d4cccb98fe31a51
Author: jwma <mail@qq.com>
Date:   Fri May 19 17:33:03 2017 +0800

mjh@mjh-Inspiron-5520:~/Documents/code/open-messaging-demo$ 
