(0) boost
mjh@mjh-Vostro-260:~/Documents/app$ tar -zxvf boost_1_64_0.tar.gz 
mjh@mjh-Vostro-260:~/Documents/app/boost_1_64_0$ sudo apt-get install build-essential g++ python-dev autotools-dev libicu-dev build-essential libbz2-dev libboost-all-dev
Reading package lists... Done

mjh@mjh-Vostro-260:~/Documents/app/boost_1_64_0$ sudo ./bootstrap.sh 
Building Boost.Build engine with toolset gcc... tools/build/src/engine/bin.linuxx86_64/b2
Detecting Python version... 2.7
Detecting Python root... /usr
Unicode/ICU support for Boost.Regex?... not found.
Generating Boost.Build configuration in project-config.jam...
Bootstrapping is done. To build, run:
    ./b2
To adjust configuration, edit 'project-config.jam'.
Further information:
   - Command line help:
     ./b2 --help
   - Getting started guide: 
     http://www.boost.org/more/getting_started/unix-variants.html
   - Boost.Build documentation:
     http://www.boost.org/build/doc/html/index.html
mjh@mjh-Vostro-260:~/Documents/app/boost_1_64_0$ 

mjh@mjh-Vostro-260:~/Documents/app/boost_1_64_0$ sudo ./b2
mjh@mjh-Vostro-260:~/Documents/app/boost_1_64_0$ sudo ./b2 install

mjh@mjh-Vostro-260:/usr/local/include$ ls
boost  thrift
mjh@mjh-Vostro-260:/usr/local/include$ cd /usr/local/lib
mjh@mjh-Vostro-260:/usr/local/lib$ ls
commons-codec-1.9.jar                libboost_python.so.1.64.0
commons-logging-1.2.jar              libboost_random.a
httpclient-4.4.1.jar                 libboost_random.so
httpcore-4.4.1.jar                   libboost_random.so.1.64.0
junit-4.4.jar                        libboost_regex.a
libboost_atomic.a                    libboost_regex.so
libboost_atomic.so                   libboost_regex.so.1.64.0
libboost_atomic.so.1.64.0            libboost_serialization.a
libboost_chrono.a                    libboost_serialization.so
libboost_chrono.so                   libboost_serialization.so.1.64.0
libboost_chrono.so.1.64.0            libboost_signals.a
libboost_container.a                 libboost_signals.so
libboost_container.so                libboost_signals.so.1.64.0
libboost_container.so.1.64.0         libboost_system.a
libboost_context.a                   libboost_system.so
libboost_context.so                  libboost_system.so.1.64.0
libboost_context.so.1.64.0           libboost_test_exec_monitor.a
libboost_coroutine.a                 libboost_thread.a
libboost_coroutine.so                libboost_thread.so
libboost_coroutine.so.1.64.0         libboost_thread.so.1.64.0
libboost_date_time.a                 libboost_timer.a
libboost_date_time.so                libboost_timer.so
libboost_date_time.so.1.64.0         libboost_timer.so.1.64.0
libboost_exception.a                 libboost_type_erasure.a
libboost_filesystem.a                libboost_type_erasure.so
libboost_filesystem.so               libboost_type_erasure.so.1.64.0
libboost_filesystem.so.1.64.0        libboost_unit_test_framework.a
libboost_graph.a                     libboost_unit_test_framework.so
libboost_graph.so                    libboost_unit_test_framework.so.1.64.0
libboost_graph.so.1.64.0             libboost_wave.a
libboost_iostreams.a                 libboost_wave.so
libboost_iostreams.so                libboost_wave.so.1.64.0
libboost_iostreams.so.1.64.0         libboost_wserialization.a
libboost_locale.a                    libboost_wserialization.so
libboost_locale.so                   libboost_wserialization.so.1.64.0
libboost_locale.so.1.64.0            libthrift-0.10.0.jar
libboost_log.a                       libthrift-0.10.0-javadoc.jar
libboost_log_setup.a                 libthrift-0.10.0.so
libboost_log_setup.so                libthrift.a
libboost_log_setup.so.1.64.0         libthriftc.a
libboost_log.so                      libthriftc.la
libboost_log.so.1.64.0               libthriftc.so
libboost_math_c99.a                  libthriftc.so.0
libboost_math_c99f.a                 libthriftc.so.0.0.0
libboost_math_c99f.so                libthrift.la
libboost_math_c99f.so.1.64.0         libthriftnb-0.10.0.so
libboost_math_c99l.a                 libthriftnb.a
libboost_math_c99l.so                libthriftnb.la
libboost_math_c99l.so.1.64.0         libthriftnb.so
libboost_math_c99.so                 libthriftqt-0.10.0.so
libboost_math_c99.so.1.64.0          libthriftqt.a
libboost_math_tr1.a                  libthriftqt.la
libboost_math_tr1f.a                 libthriftqt.so
libboost_math_tr1f.so                libthrift.so
libboost_math_tr1f.so.1.64.0         libthriftz-0.10.0.so
libboost_math_tr1l.a                 libthriftz.a
libboost_math_tr1l.so                libthriftz.la
libboost_math_tr1l.so.1.64.0         libthriftz.so
libboost_math_tr1.so                 log4j-1.2.17.jar
libboost_math_tr1.so.1.64.0          pkgconfig
libboost_prg_exec_monitor.a          python2.7
libboost_prg_exec_monitor.so         python3.4
libboost_prg_exec_monitor.so.1.64.0  redis-3.2.8
libboost_program_options.a           redis-3.2.8.tar.gz
libboost_program_options.so          servlet-api-2.5.jar
libboost_program_options.so.1.64.0   site_ruby
libboost_python.a                    slf4j-api-1.7.12.jar
libboost_python.so                   slf4j-log4j12-1.7.12.jar


(1) thrift 
mjh@mjh-Vostro-260:~/Documents/app/thrift-0.10.0$ sudo apt-get install libboost-dev libboost-test-dev libboost-program-options-dev libevent-dev automake libtool flex bison pkg-config g++ libssl-dev 
mjh@mjh-Vostro-260:~/Documents/app/thrift-0.10.0$ sudo apt-get install libboost-dev libboost-test-dev libboost-program-options-dev libboost-system-dev libboost-filesystem-dev libevent-dev automake libtool flex bison pkg-config g++ libssl-dev
mjh@mjh-Vostro-260: sudo apt-get install openjdk-7-jdk ant maven
... ...
Reading package lists... Done
Building dependency tree       
Reading state information... Done
automake is already the newest version.
bison is already the newest version.
g++ is already the newest version.
libboost-dev is already the newest version.
libboost-program-options-dev is already the newest version.
libboost-test-dev is already the newest version.
libtool is already the newest version.
pkg-config is already the newest version.
libevent-dev is already the newest version.
libssl-dev is already the newest version.
flex is already the newest version.
0 upgraded, 0 newly installed, 0 to remove and 27 not upgraded.
mjh@mjh-Vostro-260:~/Documents/app/thrift-0.10.0$ 

mjh@mjh-Vostro-260:/usr/local/lib$ ls
libthrift-0.10.0.so    libthriftnb.a          libthriftz.a
libthrift.a            libthriftnb.la         libthriftz.la
libthriftc.a           libthriftnb.so         libthriftz.so
libthriftc.la          libthriftqt-0.10.0.so  pkgconfig
libthriftc.so          libthriftqt.a          python2.7
libthriftc.so.0        libthriftqt.la         python3.4
libthriftc.so.0.0.0    libthriftqt.so         redis-3.2.8
libthrift.la           libthrift.so           redis-3.2.8.tar.gz
libthriftnb-0.10.0.so  libthriftz-0.10.0.so   site_ruby

mjh@mjh-Vostro-260:/usr/local/include/thrift$ ls
async            logging.h   qt                       TLogging.h
common.h         main.h      server                   TOutput.h
concurrency      parse       TApplicationException.h  TProcessor.h
config.h         platform.h  TBase.h                  transport
cxxfunctional.h  plugin      TDispatchProcessor.h     TToString.h
generate         processor   thrift-config.h          version.h
globals.h        protocol    Thrift.h                 windows
mjh@mjh-Vostro-260:/usr/local/include/thrift$ 

/usr/share/doc/libboost-system1.54.0
/usr/share/doc/libboost-program-options1.54-dev
/usr/share/lintian/overrides/libboost1.54-dev
/usr/share/lintian/overrides/libboost-program-options1.54.0
/usr/share/lintian/overrides/libboost-date-time1.54.0
/usr/share/lintian/overrides/libboost1.54-doc
/usr/share/lintian/overrides/libboost-test1.54.0
/usr/share/lintian/overrides/libboost1.54-dbg
/usr/share/lintian/overrides/libboost-system1.54.0
/usr/lib/x86_64-linux-gnu/libboost_program_options.so.1.54.0
/usr/lib/x86_64-linux-gnu/libboost_unit_test_framework.so.1.54.0
/usr/lib/x86_64-linux-gnu/libboost_prg_exec_monitor.so.1.54.0
/usr/lib/x86_64-linux-gnu/libboost_prg_exec_monitor.so
/usr/lib/x86_64-linux-gnu/libboost_unit_test_framework.so
/usr/lib/x86_64-linux-gnu/libboost_program_options.a
/usr/lib/x86_64-linux-gnu/libboost_program_options.so
/usr/lib/x86_64-linux-gnu/libboost_unit_test_framework.a
/usr/lib/x86_64-linux-gnu/libboost_date_time.so.1.54.0
/usr/lib/x86_64-linux-gnu/libboost_system.so.1.54.0
/usr/lib/x86_64-linux-gnu/libboost_test_exec_monitor.a
/usr/lib/x86_64-linux-gnu/libboost_prg_exec_monitor.a
mjh@mjh-Vostro-260:/usr/lib$ cd x86_64-linux-gnu/

mjh@mjh-Vostro-260:~/Documents/app/thrift-0.10.0$ sudo ./configure
checking for a BSD-compatible install... /usr/bin/install -c
checking whether build environment is sane... yes
checking for a thread-safe mkdir -p... /bin/mkdir -p
checking for gawk... no
checking for mawk... mawk
checking whether make sets $(MAKE)... yes
checking whether make supports nested variables... yes
checking whether UID '1000' is supported by ustar format... yes
checking whether GID '1000' is supported by ustar format... yes
checking how to create a ustar tar archive... gnutar
checking for pkg-config... /usr/bin/pkg-config
checking pkg-config is at least version 0.9.0... yes
checking for gcc... gcc
checking whether the C compiler works... yes
configure: creating ./config.status
config.status: creating Makefile
config.status: creating compiler/cpp/Makefile
config.status: creating compiler/cpp/src/Makefile
config.status: creating compiler/cpp/src/thrift/plugin/Makefile
... ...
thrift 0.10.0
Building Plugin Support ...... : yes
Building C++ Library ......... : yes
Building C (GLib) Library .... : no
Building Java Library ........ : yes
Building C# Library .......... : no
Building Python Library ...... : yes
Building Ruby Library ........ : no
Building Haxe Library ........ : no
Building Haskell Library ..... : no
Building Perl Library ........ : no
Building PHP Library ......... : no
Building Dart Library ........ : no
Building Erlang Library ...... : no
Building Go Library .......... : no
Building D Library ........... : no
Building NodeJS Library ...... : no
Building Lua Library ......... : no
C++ Library:
   Build TZlibTransport ...... : yes
   Build TNonblockingServer .. : yes
   Build TQTcpServer (Qt4) .... : yes
   Build TQTcpServer (Qt5) .... : no
Java Library:
   Using javac ............... : /home/mjh/Public/jdk1.8.0_111/bin/javac
   Using java ................ : java
   Using ant ................. : /usr/bin/ant
Python Library:
   Using Python .............. : /usr/bin/python
   Using Python3 ............. : /usr/bin/python3
   Using trial ............... : /usr/bin/trial
If something is missing that you think should be present,
please skim the output of configure to find the missing
component.  Details are present in config.log.

mjh@mjh-Vostro-260:~/Documents/app/thrift-0.10.0$ sudo make
make  all-recursive
make[1]: Entering directory `/home/mjh/Documents/app/thrift-0.10.0'
Making all in lib/cpp
Making all in java
make[3]: Entering directory `/home/mjh/Documents/app/thrift-0.10.0/tutorial/java'
/usr/bin/ant  compile
Buildfile: /home/mjh/Documents/app/thrift-0.10.0/tutorial/java/build.xml
init:
generate:
compile:
    [javac] Compiling 7 source files to /home/mjh/Documents/app/thrift-0.10.0/tutorial/java/build
BUILD SUCCESSFUL
Total time: 2 seconds
make[3]: Leaving directory `/home/mjh/Documents/app/thrift-0.10.0/tutorial/java'
Making all in js
make[3]: Entering directory `/home/mjh/Documents/app/thrift-0.10.0/tutorial/js'
/usr/bin/ant  compile
Buildfile: /home/mjh/Documents/app/thrift-0.10.0/tutorial/js/build.xml
init:
compile:
    [javac] Compiling 7 source files to /home/mjh/Documents/app/thrift-0.10.0/tutorial/js/build
BUILD SUCCESSFUL
Total time: 2 seconds
make[3]: Leaving directory `/home/mjh/Documents/app/thrift-0.10.0/tutorial/js'
Making all in py
make[3]: Entering directory `/home/mjh/Documents/app/thrift-0.10.0/tutorial/py'
make[3]: Nothing to be done for `all'.
make[3]: Leaving directory `/home/mjh/Documents/app/thrift-0.10.0/tutorial/py'
Making all in py.twisted
make[3]: Entering directory `/home/mjh/Documents/app/thrift-0.10.0/tutorial/py.twisted'
../../compiler/cpp/thrift --gen py:twisted -r ../../tutorial/tutorial.thrift
make[3]: Leaving directory `/home/mjh/Documents/app/thrift-0.10.0/tutorial/py.twisted'
Making all in py.tornado
make[3]: Entering directory `/home/mjh/Documents/app/thrift-0.10.0/tutorial/py.tornado'
make[3]: Nothing to be done for `all'.
make[3]: Leaving directory `/home/mjh/Documents/app/thrift-0.10.0/tutorial/py.tornado'
make[3]: Entering directory `/home/mjh/Documents/app/thrift-0.10.0/tutorial'
../compiler/cpp/thrift --gen html -r ../tutorial/tutorial.thrift
make[3]: Leaving directory `/home/mjh/Documents/app/thrift-0.10.0/tutorial'
make[2]: Leaving directory `/home/mjh/Documents/app/thrift-0.10.0/tutorial'
make[2]: Entering directory `/home/mjh/Documents/app/thrift-0.10.0'
make[2]: Leaving directory `/home/mjh/Documents/app/thrift-0.10.0'
make[1]: Leaving directory `/home/mjh/Documents/app/thrift-0.10.0'
mjh@mjh-Vostro-260:~/Documents/app/thrift-0.10.0$ 

mjh@mjh-Vostro-260:~/Documents/app/thrift-0.10.0$ sudo make install
make[3]: Entering directory `/home/mjh/Documents/app/thrift-0.10.0/tutorial'
make[3]: Nothing to be done for `install-exec-am'.
make[3]: Nothing to be done for `install-data-am'.
make[3]: Leaving directory `/home/mjh/Documents/app/thrift-0.10.0/tutorial'
make[2]: Leaving directory `/home/mjh/Documents/app/thrift-0.10.0/tutorial'
make[1]: Leaving directory `/home/mjh/Documents/app/thrift-0.10.0/tutorial'
make[1]: Entering directory `/home/mjh/Documents/app/thrift-0.10.0'
make[2]: Entering directory `/home/mjh/Documents/app/thrift-0.10.0'
make[2]: Nothing to be done for `install-exec-am'.
make[2]: Nothing to be done for `install-data-am'.
make[2]: Leaving directory `/home/mjh/Documents/app/thrift-0.10.0'
make[1]: Leaving directory `/home/mjh/Documents/app/thrift-0.10.0'

mjh@mjh-Vostro-260:~/Documents/app/thrift-0.10.0$ thrift --version
Thrift version 0.10.0

(3) grpc
mjh@mjh-Vostro-260:~/Documents/code/tmp/testboost/libtest$ sudo apt-get install build-essential autoconf libtool
mjh@mjh-Vostro-260:~/Documents/code/tmp/testboost/libtest$ sudo apt-get install libgflags-dev libgtest-dev
mjh@mjh-Vostro-260:~/Documents/code/tmp/testboost/libtest$ sudo apt-get install clang libc++-dev
mjh@mjh-Vostro-260:~/Documents/code$ git clone https://github.com/grpc/grpc.git
Cloning into 'grpc'...
remote: Counting objects: 297323, done.
remote: Compressing objects: 100% (71/71), done.
remote: Total 297323 (delta 21), reused 10 (delta 3), pack-reused 297249
Receiving objects: 100% (297323/297323), 123.24 MiB | 1.64 MiB/s, done.
Resolving deltas: 100% (226308/226308), done.
Checking connectivity... done.
Checking out files: 100% (9203/9203), done.

mjh@mjh-Vostro-260:~/Documents/code/grpc$ git submodule update --init
Submodule 'third_party/benchmark' (https://github.com/google/benchmark) registered for path 'third_party/benchmark'
Submodule 'third_party/boringssl' (https://github.com/google/boringssl.git) registered for path 'third_party/boringssl'
Submodule 'third_party/boringssl-with-bazel' (https://boringssl.googlesource.com/boringssl) registered for path 'third_party/boringssl-with-bazel'
Submodule 'third_party/cares/cares' (https://github.com/c-ares/c-ares.git) registered for path 'third_party/cares/cares'
Submodule 'third_party/gflags' (https://github.com/gflags/gflags.git) registered for path 'third_party/gflags'
Submodule 'third_party/googletest' (https://github.com/google/googletest.git) registered for path 'third_party/googletest'
Submodule 'third_party/protobuf' (https://github.com/google/protobuf.git) registered for path 'third_party/protobuf'
Submodule 'third_party/zlib' (https://github.com/madler/zlib) registered for path 'third_party/zlib'
Cloning into 'third_party/benchmark'...
remote: Counting objects: 3685, done.
remote: Compressing objects: 100% (17/17), done.
remote: Total 3685 (delta 3), reused 6 (delta 1), pack-reused 3666
Receiving objects: 100% (3685/3685), 980.98 KiB | 679.00 KiB/s, done.
Resolving deltas: 100% (2412/2412), done.
Checking connectivity... done.
Submodule path 'third_party/benchmark': checked out '44c25c892a6229b20db7cd9dc05584ea865896de'
Cloning into 'third_party/boringssl'...
remote: Counting objects: 45992, done.
remote: Compressing objects: 100% (331/331), done.
remote: Total 45992 (delta 260), reused 294 (delta 159), pack-reused 45482
Receiving objects: 100% (45992/45992), 56.22 MiB | 1.64 MiB/s, done.
Resolving deltas: 100% (31727/31727), done.
Checking connectivity... done.
Submodule path 'third_party/boringssl': checked out '78684e5b222645828ca302e56b40b9daff2b2d27'
Cloning into 'third_party/boringssl-with-bazel'...
remote: Sending approximately 63.10 MiB ...
remote: Counting objects: 9, done
remote: Total 45994 (delta 28909), reused 45994 (delta 28909)
Receiving objects: 100% (45994/45994), 63.10 MiB | 10.61 MiB/s, done.
Resolving deltas: 100% (28909/28909), done.
Checking connectivity... done.
Submodule path 'third_party/boringssl-with-bazel': checked out '886e7d75368e3f4fab3f4d0d3584e4abfc557755'
Cloning into 'third_party/cares/cares'...
remote: Counting objects: 8539, done.
remote: Compressing objects: 100% (21/21), done.
remote: Total 8539 (delta 9), reused 21 (delta 7), pack-reused 8510
Receiving objects: 100% (8539/8539), 4.85 MiB | 1.05 MiB/s, done.
Resolving deltas: 100% (4831/4831), done.
Checking connectivity... done.
Submodule path 'third_party/cares/cares': checked out '7691f773af79bf75a62d1863fd0f13ebf9dc51b1'
Cloning into 'third_party/gflags'...
remote: Counting objects: 2166, done.
remote: Total 2166 (delta 0), reused 0 (delta 0), pack-reused 2165
Receiving objects: 100% (2166/2166), 1.43 MiB | 702.00 KiB/s, done.
Resolving deltas: 100% (1252/1252), done.
Checking connectivity... done.
Submodule path 'third_party/gflags': checked out '30dbc81fb5ffdc98ea9b14b1918bfe4e8779b26e'
Cloning into 'third_party/googletest'...
remote: Counting objects: 7683, done.
remote: Compressing objects: 100% (5/5), done.
remote: Total 7683 (delta 0), reused 2 (delta 0), pack-reused 7678
Receiving objects: 100% (7683/7683), 2.58 MiB | 794.00 KiB/s, done.
Resolving deltas: 100% (5698/5698), done.
Checking connectivity... done.
Submodule path 'third_party/googletest': checked out 'ec44c6c1675c25b9827aacd08c02433cccde7780'
Cloning into 'third_party/protobuf'...
remote: Counting objects: 43796, done.
remote: Compressing objects: 100% (36/36), done.
remote: Total 43796 (delta 8), reused 16 (delta 2), pack-reused 43756
Receiving objects: 100% (43796/43796), 38.91 MiB | 1.64 MiB/s, done.
Resolving deltas: 100% (29309/29309), done.
Checking connectivity... done.
Submodule path 'third_party/protobuf': checked out 'a6189acd18b00611c1dc7042299ad75486f08a1a'
Cloning into 'third_party/zlib'...
remote: Counting objects: 5016, done.
remote: Total 5016 (delta 0), reused 0 (delta 0), pack-reused 5016
Receiving objects: 100% (5016/5016), 2.55 MiB | 418.00 KiB/s, done.
Resolving deltas: 100% (3532/3532), done.
Checking connectivity... done.
Submodule path 'third_party/zlib': checked out 'cacf7f1d4e3d44d871b605da3b647f07d718623f'

mjh@mjh-Vostro-260:~/Documents/code/grpc$ sudo make
CXX]     Compiling /home/mjh/Documents/code/grpc/gens/src/proto/grpc/reflection/v1alpha/reflection.grpc.pb.cc
[AR]      Creating /home/mjh/Documents/code/grpc/libs/opt/libgrpc++_reflection.a
[AR]      Creating /home/mjh/Documents/code/grpc/libs/opt/libgrpc++_unsecure.a
[LD]      Linking /home/mjh/Documents/code/grpc/libs/opt/libgpr.so.4.0.0-dev
[LD]      Linking /home/mjh/Documents/code/grpc/libs/opt/libgrpc.so.4.0.0-dev
[LD]      Linking /home/mjh/Documents/code/grpc/libs/opt/libgrpc_cronet.so.4.0.0-dev
[LD]      Linking /home/mjh/Documents/code/grpc/libs/opt/libgrpc_unsecure.so.4.0.0-dev
[LD]      Linking /home/mjh/Documents/code/grpc/libs/opt/libgrpc++.so.1.5.0-dev
[LD]      Linking /home/mjh/Documents/code/grpc/libs/opt/libgrpc++_cronet.so.1.5.0-dev
[LD]      Linking /home/mjh/Documents/code/grpc/libs/opt/libgrpc++_error_details.so.1.5.0-dev
[LD]      Linking /home/mjh/Documents/code/grpc/libs/opt/libgrpc++_reflection.so.1.5.0-dev
[LD]      Linking /home/mjh/Documents/code/grpc/libs/opt/libgrpc++_unsecure.so.1.5.0-dev

mjh@mjh-Vostro-260:~/Documents/code/grpc$ sudo make install
[INSTALL] Installing public C headers
[MAKE]    Generating cache.mk
[STRIP]   Stripping libgpr.a
[STRIP]   Stripping libgrpc.a
[STRIP]   Stripping libgrpc_cronet.a
[STRIP]   Stripping libgrpc_unsecure.a
[INSTALL] Installing C pkg-config files
[INSTALL] Installing libgpr.a
[INSTALL] Installing libgrpc.a
[INSTALL] Installing libgrpc_cronet.a
[INSTALL] Installing libgrpc_unsecure.a
[STRIP]   Stripping libgpr.so.4.0.0-dev
[STRIP]   Stripping libgrpc.so.4.0.0-dev
[STRIP]   Stripping libgrpc_cronet.so.4.0.0-dev
[STRIP]   Stripping libgrpc_unsecure.so.4.0.0-dev
[INSTALL] Installing libgpr.so.4.0.0-dev
[INSTALL] Installing libgrpc.so.4.0.0-dev
[INSTALL] Installing libgrpc_cronet.so.4.0.0-dev
[INSTALL] Installing libgrpc_unsecure.so.4.0.0-dev
[INSTALL] Installing public C++ headers
[STRIP]   Stripping libgrpc++.a
[STRIP]   Stripping libgrpc++_cronet.a
[STRIP]   Stripping libgrpc++_error_details.a
[STRIP]   Stripping libgrpc++_reflection.a
[STRIP]   Stripping libgrpc++_unsecure.a
[INSTALL] Installing C++ pkg-config files
[INSTALL] Installing libgrpc++.a
[INSTALL] Installing libgrpc++_cronet.a
[INSTALL] Installing libgrpc++_error_details.a
[INSTALL] Installing libgrpc++_reflection.a
[INSTALL] Installing libgrpc++_unsecure.a
[STRIP]   Stripping libgrpc++.so.1.5.0-dev
[STRIP]   Stripping libgrpc++_cronet.so.1.5.0-dev
[STRIP]   Stripping libgrpc++_error_details.so.1.5.0-dev
[STRIP]   Stripping libgrpc++_reflection.so.1.5.0-dev
[STRIP]   Stripping libgrpc++_unsecure.so.1.5.0-dev
[INSTALL] Installing libgrpc++.so.1.5.0-dev
[INSTALL] Installing libgrpc++_cronet.so.1.5.0-dev
[INSTALL] Installing libgrpc++_error_details.so.1.5.0-dev
[INSTALL] Installing libgrpc++_reflection.so.1.5.0-dev
[INSTALL] Installing libgrpc++_unsecure.so.1.5.0-dev
[INSTALL] Installing grpc protoc plugins
[INSTALL] Installing root certificates
mjh@mjh-Vostro-260:~/Documents/code/grpc$ 

mjh@mjh-Vostro-260:~/Documents/code/grpc/third_party/protobuf$ sudo make
mjh@mjh-Vostro-260:~/Documents/code/grpc/third_party/protobuf$ sudo make install

mjh@mjh-Vostro-260:~/Documents/code/grpc$ sudo ldconfig
mjh@mjh-Vostro-260:/usr/local/include$ ls
boost  google  grpc  grpc++  thrift
mjh@mjh-Vostro-260:/usr/local/include$ cd google/
mjh@mjh-Vostro-260:/usr/local/include/google$ ls
protobuf

mjh@mjh-Vostro-260:~/Documents/code/grpc/examples/cpp/helloworld$ make
protoc -I ../../protos --cpp_out=. ../../protos/helloworld.proto
g++ -std=c++11 `pkg-config --cflags protobuf grpc`  -c -o helloworld.pb.o helloworld.pb.cc
protoc -I ../../protos --grpc_out=. --plugin=protoc-gen-grpc=`which grpc_cpp_plugin` ../../protos/helloworld.proto
g++ -std=c++11 `pkg-config --cflags protobuf grpc`  -c -o helloworld.grpc.pb.o helloworld.grpc.pb.cc
g++ -std=c++11 `pkg-config --cflags protobuf grpc`  -c -o greeter_client.o greeter_client.cc
g++ helloworld.pb.o helloworld.grpc.pb.o greeter_client.o -L/usr/local/lib `pkg-config --libs protobuf grpc++ grpc` -Wl,--no-as-needed -lgrpc++_reflection -Wl,--as-needed -ldl -o greeter_client
g++ -std=c++11 `pkg-config --cflags protobuf grpc`  -c -o greeter_server.o greeter_server.cc
g++ helloworld.pb.o helloworld.grpc.pb.o greeter_server.o -L/usr/local/lib `pkg-config --libs protobuf grpc++ grpc` -Wl,--no-as-needed -lgrpc++_reflection -Wl,--as-needed -ldl -o greeter_server
g++ -std=c++11 `pkg-config --cflags protobuf grpc`  -c -o greeter_async_client.o greeter_async_client.cc
g++ helloworld.pb.o helloworld.grpc.pb.o greeter_async_client.o -L/usr/local/lib `pkg-config --libs protobuf grpc++ grpc` -Wl,--no-as-needed -lgrpc++_reflection -Wl,--as-needed -ldl -o greeter_async_client
g++ -std=c++11 `pkg-config --cflags protobuf grpc`  -c -o greeter_async_client2.o greeter_async_client2.cc
g++ helloworld.pb.o helloworld.grpc.pb.o greeter_async_client2.o -L/usr/local/lib `pkg-config --libs protobuf grpc++ grpc` -Wl,--no-as-needed -lgrpc++_reflection -Wl,--as-needed -ldl -o greeter_async_client2
g++ -std=c++11 `pkg-config --cflags protobuf grpc`  -c -o greeter_async_server.o greeter_async_server.cc
g++ helloworld.pb.o helloworld.grpc.pb.o greeter_async_server.o -L/usr/local/lib `pkg-config --libs protobuf grpc++ grpc` -Wl,--no-as-needed -lgrpc++_reflection -Wl,--as-needed -ldl -o greeter_async_server
mjh@mjh-Vostro-260:~/Documents/code/grpc/examples/cpp/helloworld$ ./greeter_server 
I0620 16:48:52.613286637    2118 server_builder.cc:254]      Synchronous server. Num CQs: 4, Min pollers: 1, Max Pollers: 2, CQ timeout (msec): 10000
Server listening on 0.0.0.0:50051







